[2025-11-26 19:17:03] [INFO] ================================================================================
[2025-11-26 19:17:03] [INFO] ЗАПУСК LIBRARY SYSTEM - ЛР 3: Обробка виключень
[2025-11-26 19:17:03] [INFO] ================================================================================
[2025-11-26 19:17:03] [INFO] Спроба завантаження авторів...
[2025-11-26 19:17:03] [INFO] Початок завантаження авторів з файлу
[2025-11-26 19:17:03] [INFO] Початок читання файлу: data/authors.csv
[2025-11-26 19:17:03] [DEBUG] Заголовок CSV: firstName,lastName,birthYear
[2025-11-26 19:17:03] [DEBUG] Прочитано рядок #2: Іван,Франко,1856
[2025-11-26 19:17:03] [DEBUG] Прочитано рядок #3: Леся,Українка,1871
[2025-11-26 19:17:03] [DEBUG] Прочитано рядок #4: Тарас,Шевченко,1814
[2025-11-26 19:17:03] [DEBUG] Прочитано рядок #5: Михайло,Коцюбинський,1864
[2025-11-26 19:17:03] [INFO] Успішно прочитано 4 записів з файлу: data/authors.csv
[2025-11-26 19:17:03] [DEBUG] Файл закрито: data/authors.csv
[2025-11-26 19:17:03] [INFO] Автор створено: Іван Франко
[2025-11-26 19:17:03] [INFO] Автор створено: Леся Українка
[2025-11-26 19:17:03] [INFO] Автор створено: Тарас Шевченко
[2025-11-26 19:17:03] [INFO] Автор створено: Михайло Коцюбинський
[2025-11-26 19:17:03] [INFO] Завантаження завершено: успішно=4, помилок=0
[2025-11-26 19:17:03] [INFO] Завершення завантаження авторів
[2025-11-26 19:17:03] [INFO] Спроба завантаження читачів...
[2025-11-26 19:17:03] [INFO] Початок завантаження читачів з файлу
[2025-11-26 19:17:03] [INFO] Початок читання файлу: data/readers.csv
[2025-11-26 19:17:03] [DEBUG] Заголовок CSV: firstName,lastName,readerId
[2025-11-26 19:17:03] [DEBUG] Прочитано рядок #2: Марія,Іваненко,101
[2025-11-26 19:17:03] [DEBUG] Прочитано рядок #3: Степан,Петренко,102
[2025-11-26 19:17:03] [DEBUG] Прочитано рядок #4: Ганна,Сидоренко,103
[2025-11-26 19:17:03] [DEBUG] Прочитано рядок #5: Олександр,Коваль,104
[2025-11-26 19:17:03] [INFO] Успішно прочитано 4 записів з файлу: data/readers.csv
[2025-11-26 19:17:03] [DEBUG] Файл закрито: data/readers.csv
[2025-11-26 19:17:03] [INFO] Читач створено: Марія Іваненко
[2025-11-26 19:17:03] [INFO] Читач створено: Степан Петренко
[2025-11-26 19:17:03] [INFO] Читач створено: Ганна Сидоренко
[2025-11-26 19:17:03] [INFO] Читач створено: Олександр Коваль
[2025-11-26 19:17:03] [INFO] Завантаження завершено: успішно=4, помилок=0
[2025-11-26 19:17:03] [INFO] Завершення завантаження читачів
[2025-11-26 19:17:03] [INFO] Тестування InvalidDataException
[2025-11-26 19:17:03] [WARN] Власне виключення перехоплено
[2025-11-26 19:17:03] [INFO] Спроба читання: data/authors.csv
[2025-11-26 19:17:03] [INFO] Початок читання файлу: data/authors.csv
[2025-11-26 19:17:03] [DEBUG] Заголовок CSV: firstName,lastName,birthYear
[2025-11-26 19:17:03] [DEBUG] Прочитано рядок #2: Іван,Франко,1856
[2025-11-26 19:17:03] [DEBUG] Прочитано рядок #3: Леся,Українка,1871
[2025-11-26 19:17:03] [DEBUG] Прочитано рядок #4: Тарас,Шевченко,1814
[2025-11-26 19:17:03] [DEBUG] Прочитано рядок #5: Михайло,Коцюбинський,1864
[2025-11-26 19:17:03] [INFO] Успішно прочитано 4 записів з файлу: data/authors.csv
[2025-11-26 19:17:03] [DEBUG] Файл закрито: data/authors.csv
[2025-11-26 19:17:03] [INFO] Спроба читання: data/nonexistent.csv
[2025-11-26 19:17:03] [INFO] Початок читання файлу: data/nonexistent.csv
[2025-11-26 19:17:03] [ERROR] Файл не знайдено: data/nonexistent.csv
[2025-11-26 19:17:03] [WARN] Помилка файлу або даних: Файл не знайдено: data/nonexistent.csv
[2025-11-26 19:17:03] [INFO] ================================================================================
[2025-11-26 19:17:03] [INFO] ✓ Програма завершена успішно!
[2025-11-26 19:17:03] [INFO] ================================================================================
[2025-11-26 19:18:12] [INFO] Початок завантаження авторів з файлу
[2025-11-26 19:18:12] [INFO] Початок читання файлу: data/authors.csv
[2025-11-26 19:18:12] [DEBUG] Заголовок CSV: firstName,lastName,birthYear
[2025-11-26 19:18:12] [DEBUG] Прочитано рядок #2: Іван,Франко,1856
[2025-11-26 19:18:12] [DEBUG] Прочитано рядок #3: Леся,Українка,1871
[2025-11-26 19:18:12] [DEBUG] Прочитано рядок #4: Тарас,Шевченко,1814
[2025-11-26 19:18:12] [DEBUG] Прочитано рядок #5: Михайло,Коцюбинський,1864
[2025-11-26 19:18:12] [INFO] Успішно прочитано 4 записів з файлу: data/authors.csv
[2025-11-26 19:18:12] [DEBUG] Файл закрито: data/authors.csv
[2025-11-26 19:18:12] [INFO] Автор створено: Іван Франко
[2025-11-26 19:18:12] [INFO] Автор створено: Леся Українка
[2025-11-26 19:18:12] [INFO] Автор створено: Тарас Шевченко
[2025-11-26 19:18:12] [INFO] Автор створено: Михайло Коцюбинський
[2025-11-26 19:18:12] [INFO] Завантаження завершено: успішно=4, помилок=0
[2025-11-26 19:18:12] [INFO] Початок читання файлу: data/invalid_authors.csv
[2025-11-26 19:18:12] [DEBUG] Заголовок CSV: firstName,lastName,birthYear
[2025-11-26 19:18:12] [DEBUG] Прочитано рядок #2: ,Франко,1856
[2025-11-26 19:18:12] [DEBUG] Прочитано рядок #3: Тест,-100,abc
[2025-11-26 19:18:12] [DEBUG] Прочитано рядок #4: Тест2,Прізвище,3000
[2025-11-26 19:18:12] [INFO] Успішно прочитано 3 записів з файлу: data/invalid_authors.csv
[2025-11-26 19:18:12] [DEBUG] Файл закрито: data/invalid_authors.csv
[2025-11-26 19:18:12] [INFO] Початок читання файлу: data/nonexistent.csv
[2025-11-26 19:18:12] [ERROR] Файл не знайдено: data/nonexistent.csv
[2025-11-26 19:18:18] [INFO] Початок завантаження читачів з файлу
[2025-11-26 19:18:18] [INFO] Початок читання файлу: data/readers.csv
[2025-11-26 19:18:18] [DEBUG] Заголовок CSV: firstName,lastName,readerId
[2025-11-26 19:18:18] [DEBUG] Прочитано рядок #2: Марія,Іваненко,101
[2025-11-26 19:18:18] [DEBUG] Прочитано рядок #3: Степан,Петренко,102
[2025-11-26 19:18:18] [DEBUG] Прочитано рядок #4: Ганна,Сидоренко,103
[2025-11-26 19:18:18] [DEBUG] Прочитано рядок #5: Олександр,Коваль,104
[2025-11-26 19:18:18] [INFO] Успішно прочитано 4 записів з файлу: data/readers.csv
[2025-11-26 19:18:18] [DEBUG] Файл закрито: data/readers.csv
[2025-11-26 19:18:18] [INFO] Читач створено: Марія Іваненко
[2025-11-26 19:18:18] [INFO] Читач створено: Степан Петренко
[2025-11-26 19:18:18] [INFO] Читач створено: Ганна Сидоренко
[2025-11-26 19:18:18] [INFO] Читач створено: Олександр Коваль
[2025-11-26 19:18:18] [INFO] Завантаження завершено: успішно=4, помилок=0
[2025-11-26 19:18:18] [INFO] Початок читання файлу: data/readers.csv
[2025-11-26 19:18:18] [DEBUG] Заголовок CSV: firstName,lastName,readerId
[2025-11-26 19:18:18] [DEBUG] Прочитано рядок #2: Марія,Іваненко,101
[2025-11-26 19:18:18] [DEBUG] Прочитано рядок #3: Степан,Петренко,102
[2025-11-26 19:18:18] [DEBUG] Прочитано рядок #4: Ганна,Сидоренко,103
[2025-11-26 19:18:18] [DEBUG] Прочитано рядок #5: Олександр,Коваль,104
[2025-11-26 19:18:18] [INFO] Успішно прочитано 4 записів з файлу: data/readers.csv
[2025-11-26 19:18:18] [DEBUG] Файл закрито: data/readers.csv
[2025-11-26 19:18:18] [INFO] Початок читання файлу: data/nonexistent.csv
[2025-11-26 19:18:18] [ERROR] Файл не знайдено: data/nonexistent.csv
